components/dashboard/RecentTasksTable.tsx(11,10): error TS2305: Module '"@/types"' has no exported member 'DashboardSummaryDto'.
components/dashboard/StatusChart.tsx(3,10): error TS2305: Module '"@/types"' has no exported member 'DashboardSummaryDto'.
components/dashboard/SummaryCards.tsx(3,10): error TS2305: Module '"@/types"' has no exported member 'DashboardSummaryDto'.
lib/api.ts(1,29): error TS2305: Module '"@/types"' has no exported member 'DashboardSummaryDto'.
